3957.DAT      Antenna                                                         
30374.DAT     Bar  4L Light Sabre Blade                                       
554.DAT       Bracket  1 x  1 -  1 x  1                                       
4070.DAT      Brick  1 x  1 with Headlight                                    
3581.DAT      Brick  1 x  1 x  2 with Shutter Holder                          
2454PS5.DAT   Brick  1 x  2 x  5 with SW Han Solo Carbonite Pattern           
3010.DAT      Brick  1 x  4                                                   
3067P11.DAT   Brick  1 x  6 without Center Studs with "TAXI" Pattern          
3963.DAT      Brick  2 x  1 with Positioning Rockets                          
30144P01.DAT  Brick  2 x  4 x  3 with White Stripes Pattern                   
41854.DAT     Car Mudguard  2 x  4 Swept Back                                 
3787.DAT      Car Mudguard  2 x  4 without Studs                              
1.DAT         Container Bookcase  2 x  4 x  4                                 
2.DAT         Container Drawers  4 x  4 x  4                                  
30361PS1.DAT  Cylinder  2 x  2 x  2 Robot Body with SW R2-D2 Pattern          
30361PS2.DAT  Cylinder  2 x  2 x  2 Robot Body with SW R5-D4 Pattern          
3579.DAT      Door  1 x  3 x  4 Frame                                         
353.DAT       Duplo Baseplate 24 x 24                                         
31111.DAT     Duplo Brick  2 x  4 x  2                                        
4796C01.DAT   Fabuland Car Chassis  8 x  6 (Complete)                         
4222A.DAT     Fabuland Chair                                                  
43.DAT        Flag  6 x  4                                                    
354.DAT       Glass for Panel  3 x  6 x  6 with Window                        
30365.DAT     Hinge Brick  1 x  2 Locking with 2 Fingers on End               
2582.DAT      Hinge Panel  2 x  4 x  3 & 1/3                                  
2452.DAT      Hinge Plate  1 x  2 with 3 Fingers On Side                      
30174.DAT     Minifig Armor Samurai                                           
4499.DAT      Minifig Bow with Arrow                                          
529.DAT       Minifig Hat Samurai Horn                                        
972P3J.DAT    Minifig Leg Left with Grass Skirt Pattern                       
3624.DAT      Minifig Police Hat                                              
3962B.DAT     Minifig Radio with Long Handle                                  
3962A.DAT     Minifig Radio with Short Handle                                 
30154.DAT     Minifig Sextant                                                 
770PW1.DAT    Minifig Shield Ovoid with American Indian Pattern               
3846P4C.DAT   Minifig Shield Triangular with Blue Dragon Pattern              
774.DAT       Minifig Tool Handaxe                                            
973P7B.DAT    Minifig Torso with Arctic Parka A2 Pattern                      
973P1A.DAT    Minifig Torso with Black Dungarees Pattern                      
973P1B.DAT    Minifig Torso with Blue Dungarees Pattern                       
973P1J.DAT    Minifig Torso with Green Dungarees Pattern                      
973P4U.DAT    Minifig Torso with Maroon/Red Quarters Shield Pattern           
973PN6.DAT    Minifig Torso with Ninja Wrap, Gold Shuriken, and Armour Pattern
973PN5.DAT    Minifig Torso with Ninja Wrap, Silver Shuriken & Dagger Pattern 
973P1C.DAT    Minifig Torso with Red Dungarees Pattern                        
973PAJ.DAT    Minifig Torso with Rock Raiders Jet Pattern                     
973P2C.DAT    Minifig Torso with Strapless Suntop Pattern                     
973PSE.DAT    Minifig Torso with SW Scout Trooper Pattern                     
973P4R.DAT    Minifig Torso with Tri-Colored Shield Pattern                   
973P74.DAT    Minifig Torso with Vest, Patch Pockets and Police Badge Pattern 
30288.DAT     Panel  3 x  6 x  6 with Window                                  
2408.DAT      Panel 10 x  6 x 11                                              
2408P02.DAT   Panel 10 x  6 x 11 with Blacktron I Pattern                     
2408P01.DAT   Panel 10 x  6 x 11 with Blacktron II Logo Pattern               
30116.DAT     Panel 14 x 14 x  2 & 2/3 Quarter Saucer Top                     
2423.DAT      Plant Leaves  4 x  3                                            
4073.DAT      Plate  1 x  1 Round                                             
4085C.DAT     Plate  1 x  1 with Clip Vertical - Type 3                       
4175.DAT      Plate  1 x  2 with Ladder                                       
2639.DAT      Plate  4 x  4 Corner                                            
2479.DAT      Propellor  4 Blade  5 Diameter                                  
890P01.DAT    Roadsign Clip-on  2 x  2 Octagonal w/ Red Stop Sign Pattern     
892P01.DAT    Roadsign Clip-on  2.2 x  2 & 2/3 Triangular with Fire Pattern   
740.DAT       Roadsign Old Square                                             
740P01.DAT    Roadsign Old Square with Free Parking Sign                      
747P05.DAT    Roadsign Old with Beware of Pedestrians Sign                    
747P02.DAT    Roadsign Old with Dangerous Intersection Sign                   
747P03.DAT    Roadsign Old with Level Crossing Sign                           
33029.DAT     Scala Plate  2 x  4                                             
6965.DAT      Scala Table  7 x  7 x  1 & 1/3                                  
4286.DAT      Slope Brick 33  3 x  1                                          
4287.DAT      Slope Brick 33  3 x  1 Inverted                                 
4161.DAT      Slope Brick 33  3 x  3                                          
4228.DAT      Slope Brick 33  5 x  6 x  2 Inverted                            
3665.DAT      Slope Brick 45  2 x  1 Inverted                                 
4445.DAT      Slope Brick 45  2 x  8                                          
4871.DAT      Slope Brick 45  4 x  2 Double Inverted with Open Center         
4854.DAT      Slope Brick 45  4 x  4 Double Inverted with Open Center         
4460.DAT      Slope Brick 75  2 x  1 x  3                                     
500.DAT       Slope Brick Round  1 x  6 Inverted                              
2340P90.DAT   Tail  4 x  1 x  3 with Classic Space Logo Pattern               
300.DAT       Technic Axle  7                                                 
6538A.DAT     Technic Axle Joiner                                             
2736.DAT      Technic Axle Towball                                            
3894.DAT      Technic Brick  1 x  6 with Holes                                
3702.DAT      Technic Brick  1 x  8 with Holes                                
2730.DAT      Technic Brick  1 x 10 with Holes                                
3895.DAT      Technic Brick  1 x 12 with Holes                                
32172.DAT     Technic Connector Block  3 x  3 with Ball Socket                
3691.DAT      Technic Holder Block  4 x  4 x  3                               
3069BP54.DAT  Tile  1 x  2 with UFO Controls Pattern                          
3069A.DAT     Tile  1 x  2 without Groove                                     
3068A.DAT     Tile  2 x  2 without Groove                                     
3641.DAT      Tyre                                                            
3483.DAT      Tyre Small                                                      
2496.DAT      Wheel Trolley                                                   
73037.DAT     Winch  2 x  4 x  2                                              
3854.DAT      Window  1 x  2 x  3 Pane                                        
4176.DAT      Windscreen  2 x  6 x  2                                         
30083.DAT     Windscreen  6 x  6 x  3 Dome with Hinge                         
30188.DAT     ~Bike 3 Wheel Motorcycle Body Lower                             
30187.DAT     ~Bike 3 Wheel Motorcycle Body Upper                             
683.DAT       ~Fabuland Wheel Type II                                         
68.DAT        ~Technic Pneumatic Airtank End                                  
