148.DAT       Antenna                                                         
368.DAT       Antenna Whip                                                    
278.DAT       Arch  1 x  3                                                    
6005.DAT      Arch  1 x  3 x  2 with Curved Top                               
47.DAT        Arch  1 x  4                                                    
6182.DAT      Arch  1 x  4 x  2                                               
2339.DAT      Arch  1 x  5 x  4                                               
3455.DAT      Arch  1 x  6                                                    
3307.DAT      Arch  1 x  6 x  2                                               
6183.DAT      Arch  1 x  6 x  2 with Curved Top                               
387.DAT       Arch  1 x  6 x  3 & 1/3 with Curved Top                         
3308.DAT      Arch  1 x  8 x  2                                               
6108.DAT      Arch  1 x 12 x  3                                               
4743.DAT      Arch  2 x  8 x  3                                               
216.DAT       Arm Piece                                                       
412.DAT       Arm Piece Turned                                                
381.DAT       Arm Piece with Pin                                              
415.DAT       Arm Piece with Pin                                              
4083.DAT      Bar  1 x  4 x  2                                                
6187.DAT      Bar  1 x  4 x  2                                                
380.DAT       Bar  1 x  4 x  3 Window                                         
4873.DAT      Bar  1 x  6                                                     
6140.DAT      Bar  1 x  6                                                     
2486.DAT      Bar  1 x  8 x  2                                                
340.DAT       Bar  1 x  8 x  3                                                
386.DAT       Bar  7 x  3                                                     
427.DAT       Bar  9 x 13                                                     
2489.DAT      Barrel  2 x  2 x  2                                             
3865.DAT      Baseplate  8 x 16                                               
26.DAT        Baseplate  8 x 24                                               
4187.DAT      Baseplate  8 x 32                                               
3867.DAT      Baseplate 16 x 16                                               
3334.DAT      Baseplate 16 x 24                                               
2748.DAT      Baseplate 16 x 32                                               
648.DAT       Baseplate 16 x 32 with Railway Station Studs                    
367.DAT       Baseplate 24 x 24 with Studs on Edges                           
10.DAT        Baseplate 24 x 32                                               
10P02.DAT     Baseplate 24 x 32 with Set 354 Dots Pattern                     
10P03.DAT     Baseplate 24 x 32 with Set 358 Dots Pattern                     
10P01.DAT     Baseplate 24 x 32 with Set 363 Dots Pattern                     
262.DAT       Baseplate 32 x 32                                               
30030.DAT     Baseplate 32 x 32 Racing                                        
425.DAT       Baseplate 32 x 32 Road 3 Lane                                   
2361.DAT      Baseplate 32 x 32 Road Crossroads                               
2359.DAT      Baseplate 32 x 32 Road Curve                                    
2358.DAT      Baseplate 32 x 32 Road Straight                                 
2358P01.DAT   Baseplate 32 x 32 Road Straight with Road Pattern               
2360.DAT      Baseplate 32 x 32 Road T Intersection                           
309.DAT       Baseplate 32 x 32 Service Station                               
211.DAT       Baseplate 32 x 32 with 3 Driveways                              
4478.DAT      Baseplate 32 x 32 with Driveway                                 
262P01.DAT    Baseplate 32 x 32 with Set 7838 Dots Pattern                    
2654.DAT      Boat  2 x  2 Stud                                               
2625.DAT      Boat Bow Plate  6 x  7                                          
2539.DAT      Boat Mast Platform                                              
2436.DAT      Bracket  1 x  2 -  1 x  4                                       
2422.DAT      Bracket  2 x  2 -  1 x  4                                       
3956.DAT      Bracket  2 x  2 -  2 x  2                                       
6087.DAT      Bracket  5 x  2 x  2 & 1/3                                      
4732.DAT      Bracket  8 x  2 x  1 & 1/3                                      
3005.DAT      Brick  1 x  1                                                   
3062.DAT      Brick  1 x  1 Round                                             
4588.DAT      Brick  1 x  1 Round with Fins                                   
2872.DAT      Brick  1 x  1 with Handle                                       
157.DAT       Brick  1 x  1 with Headlight                                    
376.DAT       Brick  1 x  1 with Studs on Sides                               
22.DAT        Brick  1 x  1 x  2 with Shutter Holder                          
2453.DAT      Brick  1 x  1 x  5                                              
3004.DAT      Brick  1 x  2                                                   
3004P06.DAT   Brick  1 x  2 with Black Grille Pattern                         
3317.DAT      Brick  1 x  2 with Digger Bucket Arm Holder                     
2877.DAT      Brick  1 x  2 with Grille                                       
324.DAT       Brick  1 x  2 with Pin                                          
3004P12.DAT   Brick  1 x  2 with White Grille Pattern                         
3065.DAT      Brick  1 x  2 without Centre Studs                              
396.DAT       Brick  1 x  2 x  2/3 with Studs on Sides                        
2454.DAT      Brick  1 x  2 x  5                                              
3622.DAT      Brick  1 x  3                                                   
2455.DAT      Brick  1 x  3 x  5                                              
3010.DAT      Brick  1 x  4                                                   
3010P08.DAT   Brick  1 x  4 with Basic Car Headlights Pattern                 
3010P09.DAT   Brick  1 x  4 with Basic Car Taillights Pattern                 
3010P04.DAT   Brick  1 x  4 with Black Grille Pattern                         
3010P06.DAT   Brick  1 x  4 with Danger Stripes Pattern                       
3010P15.DAT   Brick  1 x  4 with Danger Stripes with White Background Pattern 
2653.DAT      Brick  1 x  4 with Groove                                       
3066.DAT      Brick  1 x  4 without Centre Studs                              
6191.DAT      Brick  1 x  4 x  1 & 1/3 with Curved Top                        
3009.DAT      Brick  1 x  6                                                   
3067.DAT      Brick  1 x  6 without Centre Studs                              
3754.DAT      Brick  1 x  6 x  5                                              
3008.DAT      Brick  1 x  8                                                   
6111.DAT      Brick  1 x 10                                                   
6112.DAT      Brick  1 x 12                                                   
2465.DAT      Brick  1 x 16                                                   
6091.DAT      Brick  2 x  1 with Curved Top                                   
3003.DAT      Brick  2 x  2                                                   
2357.DAT      Brick  2 x  2 Corner                                            
3063.DAT      Brick  2 x  2 Corner Round                                      
4729.DAT      Brick  2 x  2 no Studs with Pin                                 
3941.DAT      Brick  2 x  2 Round                                             
4730.DAT      Brick  2 x  2 with Pin                                          
6232.DAT      Brick  2 x  2 with Pin                                          
30000.DAT     Brick  2 x  2 with Pins                                         
3137.DAT      Brick  2 x  2 with Wheels                                       
4591.DAT      Brick  2 x  2 x  2 Round with Fins                              
30145.DAT     Brick  2 x  2 x  3                                              
418.DAT       Brick  2 x  2 x  3 & 1/3 Octagonal                              
426.DAT       Brick  2 x  2 x  3 & 1/3 Octagonal Corner                       
30145P01.DAT  Brick  2 x  2 x  3 with White Stripe Pattern                    
3002.DAT      Brick  2 x  3                                                   
6215.DAT      Brick  2 x  3 with Curved Top                                   
3001.DAT      Brick  2 x  4                                                   
6192.DAT      Brick  2 x  4 with Curved Top                                   
6249.DAT      Brick  2 x  4 with Pins                                         
3001P02.DAT   Brick  2 x  4 with Plane Windows Pattern                        
34.DAT        Brick  2 x  4 with Wheels Holder                                
6081.DAT      Brick  2 x  4 x  1 & 1/3 with Curved Top                        
4744.DAT      Brick  2 x  4 x  2 with Curved Top                              
6061.DAT      Brick  2 x  4 x  2 with Holes on Sides                          
2434.DAT      Brick  2 x  4 x  2 with Stud on Sides                           
2456.DAT      Brick  2 x  6                                                   
6213.DAT      Brick  2 x  6 x  3                                              
3007.DAT      Brick  2 x  8                                                   
3006.DAT      Brick  2 x 10                                                   
2462.DAT      Brick  3 x  3 Facet                                             
2577.DAT      Brick  4 x  4 Corner Round                                      
2356.DAT      Brick  4 x  6                                                   
6212.DAT      Brick  4 x 10                                                   
30076.DAT     Brick  4 x 10 with Wheel Holders                                
4202.DAT      Brick  4 x 12                                                   
4203.DAT      Brick  8 x  8                                                   
4204.DAT      Brick  8 x 16                                                   
2473.DAT      Brush Car Wash                                                  
2578.DAT      Brush Holder Street Sweeper                                     
2441.DAT      Car Base  7 x  4 x  2/3                                         
4212.DAT      Car Base 10 x  4 x  2/3                                         
30029.DAT     Car Base 10 x  4 x  2/3                                         
3788.DAT      Car Mudguard  2 x  4                                            
121.DAT       Car Mudguard  2 x  4 without Studs                              
2513.DAT      Car Mudguard  3 x  4                                            
4213.DAT      Car Roof  4 x  4                                                
2349.DAT      Car Roof  4 x  4 Sunroof                                        
2348.DAT      Car Roof  4 x  4 Sunroof Glass                                  
4214.DAT      Car Roof Holder  1 x  4 x  2                                    
3829.DAT      Car Steering Wheel                                              
4738.DAT      Castle Chest                                                    
4739.DAT      Castle Chest Lid                                                
432.DAT       Castle Dragon Flame                                             
306.DAT       Castle Goblet                                                   
118.DAT       Castle Lance                                                    
114.DAT       Castle Pike                                                     
117.DAT       Castle Shield                                                   
116.DAT       Castle Sword                                                    
6066.DAT      Castle Turret Top  4 x  8 x  2 & 1/3                            
4489.DAT      Castle Wagon Wheel Large                                        
2470.DAT      Castle Wagon Wheel Small                                        
4444.DAT      Castle Wall  2 x  5 x  6                                        
4444P03.DAT   Castle Wall  2 x  5 x  6 with Black Stripes                     
2345.DAT      Castle Wall  3 x  3 x  6 Corner                                 
2345P01.DAT   Castle Wall  3 x  3 x  6 Corner with Lines Pattern              
299.DAT       Cone  1 x  1                                                    
3939.DAT      Cone  2 x  2 x  2                                               
3942.DAT      Cone  4 x  4 x  2                                               
2351.DAT      Crane Arm Centre                                                
2350.DAT      Crane Arm Outside                                               
4532.DAT      Cupboard  2 x  3 x  2                                           
4533.DAT      Cupboard  2 x  3 x  2 Door                                      
4534.DAT      Cupboard  2 x  3 x  4                                           
4535.DAT      Cupboard  2 x  3 x  4 Door                                      
6259.DAT      Cylinder  2 x  4 x  4                                           
32.DAT        Door  1 x  2 x  3 Left                                          
33.DAT        Door  1 x  2 x  3 Right                                         
141.DAT       Door  1 x  3 x  1 Left                                          
140.DAT       Door  1 x  3 x  1 Right                                         
158.DAT       Door  1 x  3 x  2 Left                                          
159.DAT       Door  1 x  3 x  2 Right                                         
4.DAT         Door  1 x  3 x  3 Left                                          
5.DAT         Door  1 x  3 x  3 Right                                         
12.DAT        Door  1 x  3 x  4                                               
11.DAT        Door  1 x  3 x  4 Frame                                         
445.DAT       Door  1 x  3 x  4 Left                                          
446.DAT       Door  1 x  3 x  4 Right                                         
2554.DAT      Door  1 x  3 x  6                                               
236.DAT       Door  1 x  4 x  5                                               
3861.DAT      Door  1 x  4 x  5                                               
247.DAT       Door  1 x  4 x  5 Left                                          
247B.DAT      Door  1 x  4 x  5 Right                                         
102.DAT       Door  1 x  4 x  6                                               
3193.DAT      Door  1 x  5 x  4 Left                                          
3193P01.DAT   Door  1 x  5 x  4 Left with Red, White and Blue Stripes Pattern 
3194.DAT      Door  1 x  5 x  4 Right                                         
3194P01.DAT   Door  1 x  5 x  4 Right with Red, White and Blue Stripes Pattern
588.DAT       Exhaust Pipe                                                    
408.DAT       Exhaust Pipe Elbow                                              
407.DAT       Exhaust Pipe Straight                                           
3633.DAT      Fence  1 x  4 x  1                                              
3185.DAT      Fence  1 x  4 x  2                                              
30077.DAT     Fence  1 x  6 x  2                                              
6079.DAT      Fence  1 x  8 x  2                                              
305.DAT       Flag  2 x  2                                                    
249.DAT       Flag  4 x  1                                                    
16.DAT        Flagpole & Flag                                                 
143.DAT       Flower (needs work)                                             
142.DAT       Flower Stem                                                     
4517.DAT      Forklift Forks                                                  
4518.DAT      Forklift Rails                                                  
6237.DAT      Freestyle Door  1 x  6 x  6                                     
6235.DAT      Freestyle Door  2 x  6 x  6 Frame                               
6238.DAT      Freestyle Window  1 x  3 x  4 Pane                              
6236.DAT      Freestyle Window  2 x  6 x  6 Frame                             
65.DAT        Gate  1 x  3 x  2                                               
64.DAT        Gate  1 x  3 x  2 Base                                          
370.DAT       Gate  1 x  4 x  2                                               
369.DAT       Gate  1 x  4 x  2 Base                                          
3937.DAT      Hinge  1 x  2 Base                                              
3938.DAT      Hinge  1 x  2 Top                                               
96.DAT        Hinge Brick  1 x  4 Base                                        
97.DAT        Hinge Brick  1 x  4 Top                                         
2429.DAT      Hinge Plate  1 x  4 Base                                        
2430.DAT      Hinge Plate  1 x  4 Top                                         
1.DAT         Homemaker Bookcase  2 x  4 x  4                                 
3.DAT         Homemaker Drawer  4 x  4 x  2                                   
2.DAT         Homemaker Drawers  4 x  4 x  4                                  
2397.DAT      Horse Hitching                                                  
4210.DAT      Hose Reel  2 x  4 x  2 Drum                                     
4209.DAT      Hose Reel  2 x  4 x  2 Holder                                   
2423.DAT      Leaves  4 x  3                                                  
2417.DAT      Leaves  6 x  5                                                  
338.DAT       Lever Control                                                   
297.DAT       Lever Small                                                     
298.DAT       Lever Small Base                                                
18.DAT        Minifig Head                                                    
15.DAT        Minifig Legs Old                                                
19.DAT        Minifig Police Hat                                              
17.DAT        Minifig Torso Old                                               
6231.DAT      Panel  1 x  1 x  1 Corner                                       
4865.DAT      Panel  1 x  2 x  1                                              
4864.DAT      Panel  1 x  2 x  2                                              
2362.DAT      Panel  1 x  2 x  3                                              
4215.DAT      Panel  1 x  4 x  3                                              
4215P02.DAT   Panel  1 x  4 x  3 with Red Cross and Stripe Pattern            
4215P03.DAT   Panel  1 x  4 x  3 with Red Cross and Stripe Pattern            
4215P01.DAT   Panel  1 x  4 x  3 with Window and Red Stripe Pattern           
2582.DAT      Panel  2 x  4 x  3 & 1/3                                        
2448.DAT      Panel  3 x  2 x  5 & 2/3                                        
2466.DAT      Panel  3 x  2 x  6                                              
2467.DAT      Panel  3 x  3 x  6 Corner Concave                               
2468.DAT      Panel  3 x  3 x  6 Corner Convex                                
2571.DAT      Panel  3 x  4 x  6 with Curved Top                              
2572.DAT      Panel  6 x  6 x  9 with Curved Top                              
2408.DAT      Panel 10 x  6 x 11                                              
2409.DAT      Panel 10 x 10 x 12 Corner                                       
6168A.DAT     Pillar  2 x  2 x 11                                             
291.DAT       Plane Jet Engine                                                
292.DAT       Plane Jet Engine Centre                                         
3024.DAT      Plate  1 x  1                                                   
179.DAT       Plate  1 x  1 Round                                             
373.DAT       Plate  1 x  1 with Clip Horizontal                              
174.DAT       Plate  1 x  1 with Clip Light                                   
161.DAT       Plate  1 x  1 with Clip Vertical                                
3023.DAT      Plate  1 x  2                                                   
3794.DAT      Plate  1 x  2 with 1 Stud                                       
4623.DAT      Plate  1 x  2 with Arm                                          
2540.DAT      Plate  1 x  2 with Handle                                       
3945.DAT      Plate  1 x  2 with Handles                                      
4275.DAT      Plate  1 x  2 with Hinge                                        
4276.DAT      Plate  1 x  2 with Hinge                                        
2452.DAT      Plate  1 x  2 with Hinge on Side                                
3475.DAT      Plate  1 x  2 with Jet Engine                                   
178.DAT       Plate  1 x  2 with Ladder                                       
2508.DAT      Plate  1 x  2 with Long Towball                                 
3623.DAT      Plate  1 x  3                                                   
3710.DAT      Plate  1 x  4                                                   
274.DAT       Plate  1 x  4 Offset                                            
30043.DAT     Plate  1 x  4 with Arm                                          
4315.DAT      Plate  1 x  4 with Car Roof Holder                              
3184.DAT      Plate  1 x  4 with Towball                                      
2926.DAT      Plate  1 x  4 with Wheels Holder                                
3666.DAT      Plate  1 x  6                                                   
4504.DAT      Plate  1 x  6 with Hinges                                       
4505.DAT      Plate  1 x  6 with Hinges on Sides                              
6583.DAT      Plate  1 x  6 with Train Wagon End                              
3460.DAT      Plate  1 x  8                                                   
4510.DAT      Plate  1 x  8 with Door Rail                                    
4477.DAT      Plate  1 x 10                                                   
3022.DAT      Plate  2 x  2                                                   
2420.DAT      Plate  2 x  2 Corner                                            
4032.DAT      Plate  2 x  2 Round                                             
2655.DAT      Plate  2 x  2 Round with Wheel Holder                           
2444.DAT      Plate  2 x  2 with Hole                                         
2817.DAT      Plate  2 x  2 with Holes                                        
212.DAT       Plate  2 x  2 with Jet Engine                                   
2476.DAT      Plate  2 x  2 with Pin                                          
3731.DAT      Plate  2 x  2 with Towball                                      
4488.DAT      Plate  2 x  2 with Wheel Holder                                 
2415.DAT      Plate  2 x  2 with Wheel Holder Plane                           
8.DAT         Plate  2 x  2 with Wheel Holder Single                          
122.DAT       Plate  2 x  2 with Wheels Holder                                
4600.DAT      Plate  2 x  2 with Wheels Holder                                
4860.DAT      Plate  2 x  2 with Wheels Holder Plane                          
6157.DAT      Plate  2 x  2 with Wheels Holder Wide                           
3021.DAT      Plate  2 x  3                                                   
3020.DAT      Plate  2 x  4                                                   
3639.DAT      Plate  2 x  4 with Articulated Joint                            
3640.DAT      Plate  2 x  4 with Articulated Joint                            
163.DAT       Plate  2 x  4 with Digger Bucket Holder                         
3597.DAT      Plate  2 x  4 with Hinge                                        
3795.DAT      Plate  2 x  6                                                   
3034.DAT      Plate  2 x  8                                                   
3832.DAT      Plate  2 x 10                                                   
2445.DAT      Plate  2 x 12                                                   
4282.DAT      Plate  2 x 16                                                   
3176.DAT      Plate  3 x  2 with Hole                                         
2450.DAT      Plate  3 x  3 without Corner                                    
2419.DAT      Plate  3 x  6 without Corners                                   
3031.DAT      Plate  4 x  4                                                   
3032.DAT      Plate  4 x  6                                                   
3035.DAT      Plate  4 x  8                                                   
6576.DAT      Plate  4 x  8 with Studs in Centre                              
3030.DAT      Plate  4 x 10                                                   
3029.DAT      Plate  4 x 12                                                   
3149.DAT      Plate  5 x  2 Hinge                                             
3958.DAT      Plate  6 x  6                                                   
6003.DAT      Plate  6 x  6 with Round Corner                                 
3036.DAT      Plate  6 x  8                                                   
3033.DAT      Plate  6 x 10                                                   
3028.DAT      Plate  6 x 12                                                   
3456.DAT      Plate  6 x 14                                                   
3027.DAT      Plate  6 x 16                                                   
256.DAT       Plate  6 x 16 with Motor Cutout                                 
3026.DAT      Plate  6 x 24                                                   
4151.DAT      Plate  8 x  8 with Grille                                       
3324.DAT      Plate  9 x  2 Hinge                                             
2401.DAT      Plate 10 x 10 without Corner                                    
2639.DAT      Plate 4 x 4 Corner                                              
LIGHT.DAT     Pov-RAY Light Source (useless to give a color to it)            
6040.DAT      Propellor Housing                                               
14.DAT        Roadsign Round                                                  
647.DAT       Roadsign Square                                                 
6082.DAT      Rock Piece Rectangular                                          
6083.DAT      Rock Piece Triangular                                           
2479.DAT      Rotor  4 Blade                                                  
4515.DAT      Slope Brick 10  6 x  8                                          
4515P02.DAT   Slope Brick 10  6 x  8 with Green Stripes Pattern               
3300.DAT      Slope Brick 33  2 x  2 Double                                   
3299.DAT      Slope Brick 33  2 x  4 Double                                   
234.DAT       Slope Brick 33  3 x  1                                          
240.DAT       Slope Brick 33  3 x  1 Inverted                                 
3298.DAT      Slope Brick 33  3 x  2                                          
3747.DAT      Slope Brick 33  3 x  2 Inverted                                 
3298P17.DAT   Slope Brick 33  3 x  2 with Red Stripes Pattern                 
3298P20.DAT   Slope Brick 33  3 x  2 with White Stripes Pattern               
3298P18.DAT   Slope Brick 33  3 x  2 with Yellow Triangles Pattern            
180.DAT       Slope Brick 33  3 x  3                                          
199.DAT       Slope Brick 33  3 x  3 Double Convex                            
3297.DAT      Slope Brick 33  3 x  4                                          
3297P01.DAT   Slope Brick 33  3 x  4 with Red Stripes Pattern                 
3297P03.DAT   Slope Brick 33  3 x  4 with White Stripes Pattern               
3297P02.DAT   Slope Brick 33  3 x  4 with Yellow Triangles Pattern            
3951.DAT      Slope Brick 33  3 x  6                                          
48.DAT        Slope Brick 45  1 x  2 Double / Inverted                        
238.DAT       Slope Brick 45  1 x  2 Triple                                   
3040.DAT      Slope Brick 45  2 x  1                                          
3044.DAT      Slope Brick 45  2 x  1 Double                                   
100.DAT       Slope Brick 45  2 x  1 Inverted                                 
3039.DAT      Slope Brick 45  2 x  2                                          
3043.DAT      Slope Brick 45  2 x  2 Double                                   
40.DAT        Slope Brick 45  2 x  2 Double Concave                           
57.DAT        Slope Brick 45  2 x  2 Double Convex                            
56.DAT        Slope Brick 45  2 x  2 Inverted                                 
248.DAT       Slope Brick 45  2 x  2 Inverted Double Convex                   
3039P05.DAT   Slope Brick 45  2 x  2 with Black Grille Pattern                
3039P10.DAT   Slope Brick 45  2 x  2 with Yellow Grille Pattern               
3038.DAT      Slope Brick 45  2 x  3                                          
3042.DAT      Slope Brick 45  2 x  3 Double                                   
3037.DAT      Slope Brick 45  2 x  4                                          
3041.DAT      Slope Brick 45  2 x  4 Double                                   
4445.DAT      Slope Brick 45  2 x  8                                          
2341.DAT      Slope Brick 45  3 x  1 Inverted Double                          
4861.DAT      Slope Brick 45  3 x  4 Double / 33                              
4871.DAT      Slope Brick 45  4 x  2 Double Inverted                          
4854.DAT      Slope Brick 45  4 x  4 Double Inverted                          
4857.DAT      Slope Brick 45  4 x  4 Double with Hinge                        
6044.DAT      Slope Brick 53  3 x  1 x  3 & 1/3 with Studs on Slope           
3678.DAT      Slope Brick 65  2 x  2 x  2                                     
275.DAT       Slope Brick 75  2 x  1 x  3                                     
2449.DAT      Slope Brick 75  2 x  1 x  3 Inverted                            
461.DAT       Slope Brick 75  2 x  2 x  2 Quadruple Convex                    
99.DAT        Slope Brick 75  2 x  2 x  3                                     
98.DAT        Slope Brick 75  2 x  2 x  3 Double Convex                       
4597.DAT      Space Cabin Base  6 x  6                                        
2418.DAT      Space Canopy  6 x  6 Octagonal                                  
401.DAT       Space Chainsaw Body                                             
3950.DAT      Space Gun                                                       
583.DAT       Space Handlebars                                                
257.DAT       Space Leg                                                       
2336.DAT      Space Nose                                                      
3946.DAT      Space Positioning Rockets                                       
296.DAT       Space Radar Dish  2 x  2                                        
3960.DAT      Space Radar Dish  4 x  4                                        
307.DAT       Space Robot Arm                                                 
4598.DAT      Space Seat  3 x  2                                              
3940.DAT      Space Stand  2 x  2 x  2                                        
6118.DAT      Space Wheel Small                                               
339.DAT       Space Windscreen                                                
372.DAT       Space Windscreen Extender                                       
2507.DAT      Space Windscreen Long                                           
4596.DAT      Space Wing 4 x 2                                                
4715.DAT      Stretcher Wheels                                                
2340.DAT      Tail  4 x  1 x  3                                               
93.DAT        Tail  4 x  2 x  2                                               
4746.DAT      Tail  4 x  2 x  2 with Rocket                                   
4867.DAT      Tail Plane                                                      
395.DAT       Tail Plane Old                                                  
6239.DAT      Tail Shuttle                                                    
252.DAT       Tap  1 x  1                                                     
2837A.DAT     Technic 9V Motor                                                
3704.DAT      Technic Axle  2                                                 
4519.DAT      Technic Axle  3                                                 
6587.DAT      Technic Axle  3 with Stud                                       
3705.DAT      Technic Axle  4                                                 
3706.DAT      Technic Axle  6                                                 
3707.DAT      Technic Axle  8                                                 
3737.DAT      Technic Axle 10                                                 
3708.DAT      Technic Axle 12                                                 
6538.DAT      Technic Axle Joiner                                             
6536.DAT      Technic Axle Joiner Perpendicular                               
3749.DAT      Technic Axle Pin                                                
2736.DAT      Technic Axle Towball                                            
6541.DAT      Technic Brick  1 x  1 with Hole                                 
3700.DAT      Technic Brick  1 x  2 with Hole                                 
32000.DAT     Technic Brick  1 x  2 with Holes                                
3701.DAT      Technic Brick  1 x  4 with Holes                                
3894.DAT      Technic Brick  1 x  6 with Holes                                
3702.DAT      Technic Brick  1 x  8 with Holes                                
2730.DAT      Technic Brick  1 x 10 with Holes                                
3895.DAT      Technic Brick  1 x 12 with Holes                                
3703.DAT      Technic Brick  1 x 16 with Holes                                
3713.DAT      Technic Bush                                                    
4265.DAT      Technic Bush 1/2                                                
3651.DAT      Technic Connector                                               
4273.DAT      Technic Connector Locking                                       
206.DAT       Technic Differential                                            
6573.DAT      Technic Differential New                                        
2823.DAT      Technic Forklift Fork                                           
3647.DAT      Technic Gear  8 Tooth                                           
4143.DAT      Technic Gear 14 Tooth Bevel                                     
4019.DAT      Technic Gear 16 Tooth                                           
6542.DAT      Technic Gear 16 Tooth with Clutch                               
3648.DAT      Technic Gear 24 Tooth (needs work)                              
3649.DAT      Technic Gear 40 Tooth (needs work)                              
3743.DAT      Technic Gear Rack  1 x  4                                       
424.DAT       Technic Handle                                                  
2908.DAT      Technic Helicopter Rotor Holder                                 
6632.DAT      Technic Liftarm  1 x  3                                         
2825.DAT      Technic Liftarm  1 x  4                                         
571.DAT       Technic Liftarm  1 x  9 Bent                                    
3673.DAT      Technic Pin                                                     
4274.DAT      Technic Pin 1/2                                                 
32002.DAT     Technic Pin 3/4                                                 
428.DAT       Technic Pin Joiner Round                                        
6558.DAT      Technic Pin Long with Friction                                  
4459.DAT      Technic Pin with Friction                                       
4263.DAT      Technic Plate  1 x  4 with Holes                                
4262.DAT      Technic Plate  1 x  6 with Holes                                
4442.DAT      Technic Plate  1 x  8 with Holes                                
2719.DAT      Technic Plate  1 x 10 with Holes                                
3709.DAT      Technic Plate  2 x  4 with Holes                                
32001.DAT     Technic Plate  2 x  6 with Holes                                
3738.DAT      Technic Plate  2 x  8 with Holes                                
6553.DAT      Technic Pole Reverser Handle                                    
2711.DAT      Technic Rotor  2 Blade                                          
2712.DAT      Technic Rotor  3 Blade                                          
4261.DAT      Technic Steering Arm                                            
6540.DAT      Technic Steering Arm Large                                      
2790.DAT      Technic Steering Gear Holder                                    
2739.DAT      Technic Steering Link                                           
2791.DAT      Technic Steering Rack                                           
2792.DAT      Technic Steering Top                                            
2819.DAT      Technic Steering Wheel Small                                    
2905.DAT      Technic Triangle                                                
89.DAT        Technic Universal Joint                                         
4185.DAT      Technic Wedge Belt Wheel                                        
70162.DAT     Technic Wedge Belt Wheel Tyre                                   
2744.DAT      Technic Wing Back                                               
3070.DAT      Tile  1 x  1                                                    
2555.DAT      Tile  1 x  1 with Clip                                          
3070P06.DAT   Tile  1 x  1 with Red & Black Buttons Pattern                   
3069.DAT      Tile  1 x  2                                                    
321.DAT       Tile  1 x  2 Grille                                             
3069P05.DAT   Tile  1 x  2 with Black Grille Pattern                          
3069P09.DAT   Tile  1 x  2 with Danger Stripes pattern                        
2432.DAT      Tile  1 x  2 with Handle                                        
4531.DAT      Tile  1 x  2 with Hinge                                         
3069P01.DAT   Tile  1 x  2 with Letter Pattern                                
3069P12.DAT   Tile  1 x  2 with Long Black Arrow Pattern                      
3069P06.DAT   Tile  1 x  2 with Long Yellow Arrow with Black Border Pattern   
3069P15.DAT   Tile  1 x  2 with Short Red Arrow with Grey Border Pattern      
3069P21.DAT   Tile  1 x  2 with Short Yellow Arrow Pattern                    
3069P13.DAT   Tile  1 x  2 with Short Yellow Arrow with Black Border Pattern  
2431.DAT      Tile  1 x  4                                                    
4625.DAT      Tile  1 x  4 with Car Roof Holder                               
2431P02.DAT   Tile  1 x  4 with Danger Stripes Pattern                        
6636.DAT      Tile  1 x  6                                                    
4162.DAT      Tile  1 x  8                                                    
3068.DAT      Tile  2 x  2                                                    
4150.DAT      Tile  2 x  2 Round                                              
2376.DAT      Tile  2 x  2 Round with Lifting Ring                            
4150P04.DAT   Tile  2 x  2 Round with Yellow Arrow with Black Border Pattern  
3068P18.DAT   Tile  2 x  2 with Black Arrow Pattern                           
3068P17.DAT   Tile  2 x  2 with Black Circle Pattern                          
3068P07.DAT   Tile  2 x  2 with Black Grille Pattern                          
2460.DAT      Tile  2 x  2 with Pin                                           
3068P08.DAT   Tile  2 x  2 with Yellow Arrow with Black Border Pattern        
6179.DAT      Tile  4 x  4 with Studs on Edge                                 
6180.DAT      Tile  4 x  6 with Studs on Edges                                
6178.DAT      Tile  6 x 12 with Studs on Edges                                
6205.DAT      Tile  6 x 16 with Studs on Edges                                
2512.DAT      Tipper Bucket Small                                             
62.DAT        Tipper End                                                      
3436.DAT      Tipper End Sloped                                               
150.DAT       Town Cup                                                        
239.DAT       Town Frypan                                                     
231.DAT       Town Loudhailer                                                 
4345.DAT      Town Mailbox  2 x  2 x  2                                       
4346.DAT      Town Mailbox  2 x  2 x  2 Door                                  
149.DAT       Town Radio                                                      
241.DAT       Town Saucepan                                                   
4079.DAT      Town Seat  2 x  2                                               
352.DAT       Town Umbrella Stand Small                                       
175.DAT       Train Base  6 x 16                                              
6584.DAT      Train Base  6 x 24                                              
4093.DAT      Train Base  6 x 28                                              
4092.DAT      Train Bogie Plate                                               
4022.DAT      Train Buffer Beam                                               
2881.DAT      Train Cantenery                                                 
2880.DAT      Train Cantenery Holder                                          
176.DAT       Train Coupling                                                  
371.DAT       Train Coupling New                                              
4181.DAT      Train Door  1 x  4 x  5 Left                                    
4181P05.DAT   Train Door  1 x  4 x  5 Left with Blue Bottom Half Pattern      
4181P02.DAT   Train Door  1 x  4 x  5 Left with Red Bottom Half Pattern       
4181P04.DAT   Train Door  1 x  4 x  5 Left with Red/White/Blue Stripe Pattern 
4181P03.DAT   Train Door  1 x  4 x  5 Left with White Stripe Pattern          
4181P01.DAT   Train Door  1 x  4 x  5 Left with Yellow Bottom Half Pattern    
4182.DAT      Train Door  1 x  4 x  5 Right                                   
4182P05.DAT   Train Door  1 x  4 x  5 Right with Blue Bottom Half Pattern     
4182P02.DAT   Train Door  1 x  4 x  5 Right with Red Bottom Half Pattern      
4182P04.DAT   Train Door  1 x  4 x  5 Right with Red/White/Blue Stripe Pattern
4182P03.DAT   Train Door  1 x  4 x  5 Right with White Stripe Pattern         
4182P01.DAT   Train Door  1 x  4 x  5 Right with Yellow Bottom Half Pattern   
4183.DAT      Train Door Glass                                                
4511.DAT      Train Door Sliding                                              
2873.DAT      Train Gate  2 x  4                                              
196.DAT       Train Light Prism  1 x  3                                       
195.DAT       Train Light Prism  1 x  6 Holder                                
177.DAT       Train Magnet                                                    
4509.DAT      Train Roof  6 x  6                                              
259.DAT       Train Signal Mast                                               
258.DAT       Train Signal Stand                                              
197.DAT       Train Weight  2 x  6 x  2                                       
2879.DAT      Train Wheel                                                     
2927.DAT      Train Wheel Small                                               
4180.DAT      Train Wheels                                                    
2878.DAT      Train Wheels 2                                                  
4035.DAT      Train Window  1 x  2 x  3                                       
4036.DAT      Train Window  1 x  2 x  3 Glass                                 
4033.DAT      Train Window  1 x  4 x  3                                       
4034.DAT      Train Window  1 x  4 x  3 Glass                                 
4211.DAT      Truck Cabin Base  5 x  4                                        
3680.DAT      Turntable  2 x  2 Plate Base                                    
251.DAT       Turntable  2 x  2 Plate Base with Hinge                         
3679.DAT      Turntable  2 x  2 Plate Top                                     
3403.DAT      Turntable  4 x  4 Base                                          
3404.DAT      Turntable  4 x  4 Top                                           
123.DAT       Tyre                                                            
36.DAT        Tyre Large                                                      
2346.DAT      Tyre Medium                                                     
4084.DAT      Tyre Medium                                                     
2696.DAT      Tyre Model Team                                                 
7.DAT         Tyre Single Smooth                                              
132.DAT       Tyre Small                                                      
6015.DAT      Tyre Wide                                                       
6565.DAT      Wedge  3 x  2 Left                                              
6564.DAT      Wedge  3 x  2 Right                                             
2399.DAT      Wedge  3 x  4                                                   
4859.DAT      Wedge  3 x  4 Plate                                             
4855.DAT      Wedge  4 x  4                                                   
4858.DAT      Wedge  4 x  4                                                   
6069.DAT      Wedge  4 x  4                                                   
4856.DAT      Wedge  6 x  4                                                   
6.DAT         Wheel Centre                                                    
3482.DAT      Wheel Centre                                                    
4601.DAT      Wheel Centre                                                    
6248.DAT      Wheel Freestyle                                                 
2695.DAT      Wheel Model Team                                                
497.DAT       Wheel Old with 4 Studs                                          
35.DAT        Wheel Spoked Large                                              
6014.DAT      Wheel Wide                                                      
2496.DAT      Wheels Trolley                                                  
103.DAT       Winch  2 x  4 x  2                                              
39.DAT        Window  1 x  1 x  1                                             
29.DAT        Window  1 x  1 x  2                                             
27.DAT        Window  1 x  2 x  1                                             
13.DAT        Window  1 x  2 x  2                                             
2377.DAT      Window  1 x  2 x  2 Plane                                       
4862.DAT      Window  1 x  2 x  2 Plane Glass                                 
25.DAT        Window  1 x  2 x  2 Shutter                                     
30044.DAT     Window  1 x  2 x  3                                             
144.DAT       Window  1 x  2 x  3 Pane                                        
145.DAT       Window  1 x  2 x  3 Shutter                                     
31.DAT        Window  1 x  3 x  2                                             
453.DAT       Window  1 x  4 x  2                                             
4863.DAT      Window  1 x  4 x  2 Plane                                       
3853.DAT      Window  1 x  4 x  3                                             
138.DAT       Window  1 x  4 x  3 Glass                                       
2493.DAT      Window  1 x  4 x  5                                             
2494.DAT      Window  1 x  4 x  5 Glass                                       
6160.DAT      Window  1 x  4 x  6                                             
645.DAT       Window  1 x  6 x  2                                             
646.DAT       Window  1 x  6 x  2 with Shutters                               
604.DAT       Window  1 x  6 x  3 Panorama                                    
294.DAT       Window  4 x  4 x  3 Roof                                        
295.DAT       Window  4 x  4 x  3 Roof Glass                                  
21.DAT        Windscreen  2 x  4 x  1 & 2/3                                   
3823.DAT      Windscreen  2 x  4 x  2                                         
4594.DAT      Windscreen  2 x  4 x  2 Vertical                                
2352.DAT      Windscreen  2 x  4 x  3                                         
198.DAT       Windscreen  2 x  6 x  2                                         
2437.DAT      Windscreen  3 x  4 x  1 & 1/3                                   
302.DAT       Windscreen  3 x  4 x  4 Inverted                                
2694.DAT      Windscreen  3 x 10 x  3                                         
2483.DAT      Windscreen  4 x  4 x  3 & 2/3 Helicopter                        
388.DAT       Windscreen  5 x  2 x  1 & 2/3                                   
2826.DAT      Windscreen  5 x  8 x  3                                         
217.DAT       Windscreen  6 x  6 Inverted                                     
3936.DAT      Wing  4 x  4 Left                                               
3935.DAT      Wing  4 x  4 Right                                              
2413.DAT      Wing  4 x  9                                                    
3585.DAT      Wing  7 x 12 Left                                               
3586.DAT      Wing  7 x 12 Right                                              
3933.DAT      Wing  8 x  4 Left                                               
3934.DAT      Wing  8 x  4 Right                                              
30036.DAT     Wing  8 x  6 x  2/3                                             
4475.DAT      Wing  8 x  8                                                    
6104.DAT      Wing  8 x  8                                                    
3137A.DAT     ~Brick  2 x  2 with Wheels Holder                               
34B.DAT       ~Brick  2 x  4 with Wheels Holder Base                          
34C.DAT       ~Brick  2 x  4 with Wheels Holder Shaft                         
34D.DAT       ~Brick  2 x  4 with Wheels Holder Shaft                         
34A.DAT       ~Brick  2 x  4 with Wheels Holder Top                           
3829B.DAT     ~Car Steering Wheel                                             
3829A.DAT     ~Car Steering Wheel Stand                                       
236A.DAT      ~Door  1 x  4 x  5 Frame                                        
247A.DAT      ~Door  1 x  4 x  5 Frame                                        
236B.DAT      ~Door  1 x  4 x  5 Glass                                        
6168.DAT      ~Pillar  2 x  2 x 11 Base                                       
6167.DAT      ~Pillar  2 x  2 x 11 Top                                        
3149C.DAT     ~Plate  5 x  2 Hinge Base                                       
3149A.DAT     ~Plate  5 x  2 Hinge Pivot                                      
3149B.DAT     ~Plate  5 x  2 Hinge Top                                        
3324A.DAT     ~Plate  9 x  2 Hinge Base                                       
2838.DAT      ~Technic 9V Motor Base                                          
2837.DAT      ~Technic 9V Motor Shaft                                         
2839.DAT      ~Technic 9V Motor Top                                           
206A.DAT      ~Technic Differential Centre                                    
206B.DAT      ~Technic Differential Gear                                      
89B.DAT       ~Technic Universal Joint Centre                                 
89A.DAT       ~Technic Universal Joint End                                    
4180A.DAT     ~Train Wheels Base                                              
4180C.DAT     ~Train Wheels Pin                                               
4180B.DAT     ~Train Wheels Top                                               
4180D.DAT     ~Train Wheels Wheel                                             
35B.DAT       ~Wheel Axle Metal                                               
3137B.DAT     ~Wheel Centre                                                   
497A.DAT      ~Wheel Old with 4 Studs                                         
35A.DAT       ~Wheel Spoked Large                                             
103A.DAT      ~Winch  2 x  4 x  2 Base                                        
103B.DAT      ~Winch  2 x  4 x  2 Drum                                        
103C.DAT      ~Winch  2 x  4 x  2 Top                                         
6160A.DAT     ~Window  1 x  4 x  6 Frame                                      
6160B.DAT     ~Window  1 x  4 x  6 Glass                                      
